---
source: garde/tests/./rules/alphanumeric.rs
expression: snapshot
snapshot_kind: text
---
Test {
    field: "!!!!",
    inner: [
        "!!!!",
    ],
}
field: not alphanumeric
inner[0]: [ALPHA] not alphanumeric
